n/image_180esp_76.jpg
n/image_esp_76.jpg
n/image_180_76.jpg
n/image76.jpg
n/image_180esp_75.jpg
n/image_esp_75.jpg
n/image_180_75.jpg
n/image75.jpg
n/image_180esp_74.jpg
n/image_esp_74.jpg
n/image_180_74.jpg
n/image74.jpg
n/image_180esp_73.jpg
n/image_esp_73.jpg
n/image_180_73.jpg
n/image73.jpg
n/image_180esp_72.jpg
n/image_esp_72.jpg
n/image_180_72.jpg
n/image72.jpg
n/image_180esp_71.jpg
n/image_esp_71.jpg
n/image_180_71.jpg
n/image71.jpg
n/image_180esp_70.jpg
n/image_esp_70.jpg
n/image_180_70.jpg
n/image70.jpg
n/image_180esp_69.jpg
n/image_esp_69.jpg
n/image_180_69.jpg
n/image69.jpg
n/image_180esp_68.jpg
n/image_esp_68.jpg
n/image_180_68.jpg
n/image68.jpg
n/image_180esp_67.jpg
n/image_esp_67.jpg
n/image_180_67.jpg
n/image67.jpg
n/image_180esp_66.jpg
n/image_esp_66.jpg
n/image_180_66.jpg
n/image66.jpg
n/image_180esp_65.jpg
n/image_esp_65.jpg
n/image_180_65.jpg
n/image65.jpg
n/image_180esp_64.jpg
n/image_esp_64.jpg
n/image_180_64.jpg
n/image64.jpg
n/image_180esp_63.jpg
n/image_esp_63.jpg
n/image_180_63.jpg
n/image63.jpg
n/image_180esp_62.jpg
n/image_esp_62.jpg
n/image_180_62.jpg
n/image62.jpg
n/image_180esp_61.jpg
n/image_esp_61.jpg
n/image_180_61.jpg
n/image61.jpg
n/image_180esp_60.jpg
n/image_esp_60.jpg
n/image_180_60.jpg
n/image60.jpg
n/image_180esp_59.jpg
n/image_esp_59.jpg
n/image_180_59.jpg
n/image59.jpg
n/image_180esp_58.jpg
n/image_esp_58.jpg
n/image_180_58.jpg
n/image58.jpg
n/image_180esp_57.jpg
n/image_esp_57.jpg
n/image_180_57.jpg
n/image57.jpg
n/image_180esp_56.jpg
n/image_esp_56.jpg
n/image_180_56.jpg
n/image56.jpg
n/image_180esp_55.jpg
n/image_esp_55.jpg
n/image_180_55.jpg
n/image55.jpg
n/image_180esp_54.jpg
n/image_esp_54.jpg
n/image_180_54.jpg
n/image54.jpg
n/image_180esp_53.jpg
n/image_esp_53.jpg
n/image_180_53.jpg
n/image53.jpg
n/image_180esp_52.jpg
n/image_esp_52.jpg
n/image_180_52.jpg
n/image52.jpg
n/image_180esp_51.jpg
n/image_esp_51.jpg
n/image_180_51.jpg
n/image51.jpg
n/image_180esp_50.jpg
n/image_esp_50.jpg
n/image_180_50.jpg
n/image50.jpg
n/image_180esp_49.jpg
n/image_esp_49.jpg
n/image_180_49.jpg
n/image49.jpg
n/image_180esp_48.jpg
n/image_esp_48.jpg
n/image_180_48.jpg
n/image48.jpg
n/image_180esp_47.jpg
n/image_esp_47.jpg
n/image_180_47.jpg
n/image47.jpg
n/image_180esp_46.jpg
n/image_esp_46.jpg
n/image_180_46.jpg
n/image46.jpg
n/image_180esp_45.jpg
n/image_esp_45.jpg
n/image_180_45.jpg
n/image45.jpg
n/image_180esp_44.jpg
n/image_esp_44.jpg
n/image_180_44.jpg
n/image44.jpg
n/image_180esp_43.jpg
n/image_esp_43.jpg
n/image_180_43.jpg
n/image43.jpg
n/image_180esp_42.jpg
n/image_esp_42.jpg
n/image_180_42.jpg
n/image42.jpg
n/image_180esp_41.jpg
n/image_esp_41.jpg
n/image_180_41.jpg
n/image41.jpg
n/image_180esp_40.jpg
n/image_esp_40.jpg
n/image_180_40.jpg
n/image40.jpg
n/image_180esp_39.jpg
n/image_esp_39.jpg
n/image_180_39.jpg
n/image39.jpg
n/image_180esp_38.jpg
n/image_esp_38.jpg
n/image_180_38.jpg
n/image38.jpg
n/image_180esp_37.jpg
n/image_esp_37.jpg
n/image_180_37.jpg
n/image37.jpg
n/image_180esp_36.jpg
n/image_esp_36.jpg
n/image_180_36.jpg
n/image36.jpg
n/image_180esp_35.jpg
n/image_esp_35.jpg
n/image_180_35.jpg
n/image35.jpg
n/image_180esp_34.jpg
n/image_esp_34.jpg
n/image_180_34.jpg
n/image34.jpg
n/image_180esp_33.jpg
n/image_esp_33.jpg
n/image_180_33.jpg
n/image33.jpg
n/image_180esp_32.jpg
n/image_esp_32.jpg
n/image_180_32.jpg
n/image32.jpg
n/image_180esp_31.jpg
n/image_esp_31.jpg
n/image_180_31.jpg
n/image31.jpg
n/image_180esp_30.jpg
n/image_esp_30.jpg
n/image_180_30.jpg
n/image30.jpg
n/image_180esp_29.jpg
n/image_esp_29.jpg
n/image_180_29.jpg
n/image29.jpg
n/image_180esp_28.jpg
n/image_esp_28.jpg
n/image_180_28.jpg
n/image28.jpg
n/image_180esp_27.jpg
n/image_esp_27.jpg
n/image_180_27.jpg
n/image27.jpg
n/image_180esp_26.jpg
n/image_esp_26.jpg
n/image_180_26.jpg
n/image26.jpg
n/image_180esp_25.jpg
n/image_esp_25.jpg
n/image_180_25.jpg
n/image25.jpg
n/image_180esp_24.jpg
n/image_esp_24.jpg
n/image_180_24.jpg
n/image24.jpg
n/image_180esp_23.jpg
n/image_esp_23.jpg
n/image_180_23.jpg
n/image23.jpg
n/image_180esp_22.jpg
n/image_esp_22.jpg
n/image_180_22.jpg
n/image22.jpg
n/image_180esp_21.jpg
n/image_esp_21.jpg
n/image_180_21.jpg
n/image21.jpg
n/image_180esp_20.jpg
n/image_esp_20.jpg
n/image_180_20.jpg
n/image20.jpg
n/image_180esp_19.jpg
n/image_esp_19.jpg
n/image_180_19.jpg
n/image19.jpg
n/image_180esp_18.jpg
n/image_esp_18.jpg
n/image_180_18.jpg
n/image18.jpg
n/image_180esp_17.jpg
n/image_esp_17.jpg
n/image_180_17.jpg
n/image17.jpg
n/image_180esp_16.jpg
n/image_esp_16.jpg
n/image_180_16.jpg
n/image16.jpg
n/image_180esp_15.jpg
n/image_esp_15.jpg
n/image_180_15.jpg
n/image15.jpg
n/image_180esp_14.jpg
n/image_esp_14.jpg
n/image_180_14.jpg
n/image14.jpg
n/image_180esp_13.jpg
n/image_esp_13.jpg
n/image_180_13.jpg
n/image13.jpg
n/image_180esp_12.jpg
n/image_esp_12.jpg
n/image_180_12.jpg
n/image12.jpg
n/image_180esp_11.jpg
n/image_esp_11.jpg
n/image_180_11.jpg
n/image11.jpg
n/image_180esp_10.jpg
n/image_esp_10.jpg
n/image_180_10.jpg
n/image10.jpg
n/image_180esp_9.jpg
n/image_esp_9.jpg
n/image_180_9.jpg
n/image9.jpg
n/image_180esp_8.jpg
n/image_esp_8.jpg
n/image_180_8.jpg
n/image8.jpg
n/image_180esp_7.jpg
n/image_esp_7.jpg
n/image_180_7.jpg
n/image7.jpg
n/image_180esp_6.jpg
n/image_esp_6.jpg
n/image_180_6.jpg
n/image6.jpg
n/image_180esp_5.jpg
n/image_esp_5.jpg
n/image_180_5.jpg
n/image5.jpg
n/image_180esp_4.jpg
n/image_esp_4.jpg
n/image_180_4.jpg
n/image4.jpg
n/image_180esp_3.jpg
n/image_esp_3.jpg
n/image_180_3.jpg
n/image3.jpg
n/image_180esp_2.jpg
n/image_esp_2.jpg
n/image_180_2.jpg
n/image2.jpg
n/image_180esp_1.jpg
n/image_esp_1.jpg
n/image_180_1.jpg
n/image1.jpg
n/image_180esp_0.jpg
n/image_esp_0.jpg
n/image_180_0.jpg
n/image0.jpg